...00,0,0,010,0,2,020,2,0,03	41,0,0,04?5??6C7Finding8First9
LCS-LENGTH10O(1)11O(n12O(n2)13O(n2).14OOP15The16X17X.18X019X0.20a21
	according22an23and24another25answer:26any27	anything28
applicable29are30array31
	array..??32arrays33as34be35boy36but37by38c39c,40c__41call42called43can44can't45change46choosen?right47common48copy49create50declaration51deep52
	dependent53	directly54do55done56doubt:57dp58	dynammic59easy60element..very61	elements62exponential63fact64fast65find66given67good68has69have70heloo71how72how???73if74in75
increasing76increasing?77initialised78inside79	integers80is81it82itself83java84
languages?85lg86like87link88list89list)90longest91
maintained92means93mittal94monotonically95n96n)97nodes98not99numbers100of101on102or103other104out105	previous106programming107
	question:108
	recursion109return110running.time111sahil112	sequence113shallow114since115size(number116sized117smart118some119sort120sorted121sorting122
subproblem123subsequence124take125that126the127then128there129they130time131to132total.133used134value135values136	variable137very138want139was140way141way:142we143what144which145while146why147world148wrong?149yields150you151ˇˇ∫êÏB